Archive member included to satisfy reference by file (symbol)

c:/program files (x86)/atmel/studio/7.0/toolchain/arm/arm-gnu-toolchain/bin/../lib/gcc/arm-none-eabi/6.3.1/thumb/v6-m\libgcc.a(_udivsi3.o)
                              hpl/core/hpl_core_m0plus_base.o (__aeabi_uidiv)
c:/program files (x86)/atmel/studio/7.0/toolchain/arm/arm-gnu-toolchain/bin/../lib/gcc/arm-none-eabi/6.3.1/thumb/v6-m\libgcc.a(_dvmd_tls.o)
                              c:/program files (x86)/atmel/studio/7.0/toolchain/arm/arm-gnu-toolchain/bin/../lib/gcc/arm-none-eabi/6.3.1/thumb/v6-m\libgcc.a(_udivsi3.o) (__aeabi_idiv0)
c:/program files (x86)/atmel/studio/7.0/toolchain/arm/arm-gnu-toolchain/bin/../lib/gcc/arm-none-eabi/6.3.1/thumb/v6-m\libgcc.a(_aeabi_uldivmod.o)
                              hpl/sercom/hpl_sercom.o (__aeabi_uldivmod)
c:/program files (x86)/atmel/studio/7.0/toolchain/arm/arm-gnu-toolchain/bin/../lib/gcc/arm-none-eabi/6.3.1/thumb/v6-m\libgcc.a(_muldi3.o)
                              hpl/sercom/hpl_sercom.o (__aeabi_lmul)
c:/program files (x86)/atmel/studio/7.0/toolchain/arm/arm-gnu-toolchain/bin/../lib/gcc/arm-none-eabi/6.3.1/thumb/v6-m\libgcc.a(_fixunsdfsi.o)
                              hpl/sercom/hpl_sercom.o (__aeabi_d2uiz)
c:/program files (x86)/atmel/studio/7.0/toolchain/arm/arm-gnu-toolchain/bin/../lib/gcc/arm-none-eabi/6.3.1/thumb/v6-m\libgcc.a(_udivmoddi4.o)
                              c:/program files (x86)/atmel/studio/7.0/toolchain/arm/arm-gnu-toolchain/bin/../lib/gcc/arm-none-eabi/6.3.1/thumb/v6-m\libgcc.a(_aeabi_uldivmod.o) (__udivmoddi4)
c:/program files (x86)/atmel/studio/7.0/toolchain/arm/arm-gnu-toolchain/bin/../lib/gcc/arm-none-eabi/6.3.1/thumb/v6-m\libgcc.a(divdf3.o)
                              hpl/sercom/hpl_sercom.o (__aeabi_ddiv)
c:/program files (x86)/atmel/studio/7.0/toolchain/arm/arm-gnu-toolchain/bin/../lib/gcc/arm-none-eabi/6.3.1/thumb/v6-m\libgcc.a(muldf3.o)
                              hpl/sercom/hpl_sercom.o (__aeabi_dmul)
c:/program files (x86)/atmel/studio/7.0/toolchain/arm/arm-gnu-toolchain/bin/../lib/gcc/arm-none-eabi/6.3.1/thumb/v6-m\libgcc.a(subdf3.o)
                              hpl/sercom/hpl_sercom.o (__aeabi_dsub)
c:/program files (x86)/atmel/studio/7.0/toolchain/arm/arm-gnu-toolchain/bin/../lib/gcc/arm-none-eabi/6.3.1/thumb/v6-m\libgcc.a(fixdfsi.o)
                              c:/program files (x86)/atmel/studio/7.0/toolchain/arm/arm-gnu-toolchain/bin/../lib/gcc/arm-none-eabi/6.3.1/thumb/v6-m\libgcc.a(_fixunsdfsi.o) (__aeabi_d2iz)
c:/program files (x86)/atmel/studio/7.0/toolchain/arm/arm-gnu-toolchain/bin/../lib/gcc/arm-none-eabi/6.3.1/thumb/v6-m\libgcc.a(floatsidf.o)
                              hpl/sercom/hpl_sercom.o (__aeabi_i2d)
c:/program files (x86)/atmel/studio/7.0/toolchain/arm/arm-gnu-toolchain/bin/../lib/gcc/arm-none-eabi/6.3.1/thumb/v6-m\libgcc.a(floatunsidf.o)
                              hpl/sercom/hpl_sercom.o (__aeabi_ui2d)
c:/program files (x86)/atmel/studio/7.0/toolchain/arm/arm-gnu-toolchain/bin/../lib/gcc/arm-none-eabi/6.3.1/thumb/v6-m\libgcc.a(_arm_cmpdf2.o)
                              c:/program files (x86)/atmel/studio/7.0/toolchain/arm/arm-gnu-toolchain/bin/../lib/gcc/arm-none-eabi/6.3.1/thumb/v6-m\libgcc.a(_fixunsdfsi.o) (__aeabi_dcmpge)
c:/program files (x86)/atmel/studio/7.0/toolchain/arm/arm-gnu-toolchain/bin/../lib/gcc/arm-none-eabi/6.3.1/thumb/v6-m\libgcc.a(_clzsi2.o)
                              c:/program files (x86)/atmel/studio/7.0/toolchain/arm/arm-gnu-toolchain/bin/../lib/gcc/arm-none-eabi/6.3.1/thumb/v6-m\libgcc.a(divdf3.o) (__clzsi2)
c:/program files (x86)/atmel/studio/7.0/toolchain/arm/arm-gnu-toolchain/bin/../lib/gcc/arm-none-eabi/6.3.1/thumb/v6-m\libgcc.a(_clzdi2.o)
                              c:/program files (x86)/atmel/studio/7.0/toolchain/arm/arm-gnu-toolchain/bin/../lib/gcc/arm-none-eabi/6.3.1/thumb/v6-m\libgcc.a(_udivmoddi4.o) (__clzdi2)
c:/program files (x86)/atmel/studio/7.0/toolchain/arm/arm-gnu-toolchain/bin/../lib/gcc/arm-none-eabi/6.3.1/thumb/v6-m\libgcc.a(eqdf2.o)
                              c:/program files (x86)/atmel/studio/7.0/toolchain/arm/arm-gnu-toolchain/bin/../lib/gcc/arm-none-eabi/6.3.1/thumb/v6-m\libgcc.a(_arm_cmpdf2.o) (__eqdf2)
c:/program files (x86)/atmel/studio/7.0/toolchain/arm/arm-gnu-toolchain/bin/../lib/gcc/arm-none-eabi/6.3.1/thumb/v6-m\libgcc.a(gedf2.o)
                              c:/program files (x86)/atmel/studio/7.0/toolchain/arm/arm-gnu-toolchain/bin/../lib/gcc/arm-none-eabi/6.3.1/thumb/v6-m\libgcc.a(_arm_cmpdf2.o) (__gedf2)
c:/program files (x86)/atmel/studio/7.0/toolchain/arm/arm-gnu-toolchain/bin/../lib/gcc/arm-none-eabi/6.3.1/thumb/v6-m\libgcc.a(ledf2.o)
                              c:/program files (x86)/atmel/studio/7.0/toolchain/arm/arm-gnu-toolchain/bin/../lib/gcc/arm-none-eabi/6.3.1/thumb/v6-m\libgcc.a(_arm_cmpdf2.o) (__ledf2)
[...]
Memory Configuration

Name             Origin             Length             Attributes
rom              0x00000000         0x00040000         xr
ram              0x20000000         0x00008000         xrw
lpram            0x30000000         0x00002000         xrw
*default*        0x00000000         0xffffffff

Linker script and memory map

LOAD c:/program files (x86)/atmel/studio/7.0/toolchain/arm/arm-gnu-toolchain/bin/../lib/gcc/arm-none-eabi/6.3.1/thumb/v6-m/crti.o
LOAD c:/program files (x86)/atmel/studio/7.0/toolchain/arm/arm-gnu-toolchain/bin/../lib/gcc/arm-none-eabi/6.3.1/thumb/v6-m/crtbegin.o
LOAD c:/program files (x86)/atmel/studio/7.0/toolchain/arm/arm-gnu-toolchain/bin/../lib/gcc/arm-none-eabi/6.3.1/../../../../arm-none-eabi/lib/thumb/v6-m/crt0.o
LOAD atmel_start.o
LOAD Device_Startup/startup_saml21.o
LOAD Device_Startup/system_saml21.o
LOAD driver_init.o
LOAD examples/driver_examples.o
LOAD hal/src/hal_atomic.o
LOAD hal/src/hal_delay.o
LOAD hal/src/hal_gpio.o
LOAD hal/src/hal_init.o
LOAD hal/src/hal_io.o
LOAD hal/src/hal_sleep.o
LOAD hal/src/hal_usart_sync.o
LOAD hal/utils/src/utils_assert.o
LOAD hal/utils/src/utils_event.o
LOAD hal/utils/src/utils_list.o
LOAD hal/utils/src/utils_syscalls.o
LOAD hpl/ccl/hpl_ccl.o
LOAD hpl/core/hpl_core_m0plus_base.o
LOAD hpl/core/hpl_init.o
LOAD hpl/dmac/hpl_dmac.o
LOAD hpl/gclk/hpl_gclk.o
LOAD hpl/mclk/hpl_mclk.o
LOAD hpl/osc32kctrl/hpl_osc32kctrl.o
LOAD hpl/oscctrl/hpl_oscctrl.o
LOAD hpl/pm/hpl_pm.o
LOAD hpl/sercom/hpl_sercom.o
LOAD main.o
LOAD stdio_redirect/gcc/read.o
LOAD stdio_redirect/gcc/write.o
LOAD stdio_redirect/stdio_io.o
LOAD stdio_start.o
START GROUP
LOAD c:/program files (x86)/atmel/studio/7.0/toolchain/arm/arm-gnu-toolchain/bin/../lib/gcc/arm-none-eabi/6.3.1/../../../../arm-none-eabi/lib/thumb/v6-m\libm.a
END GROUP
START GROUP
LOAD c:/program files (x86)/atmel/studio/7.0/toolchain/arm/arm-gnu-toolchain/bin/../lib/gcc/arm-none-eabi/6.3.1/thumb/v6-m\libgcc.a
LOAD c:/program files (x86)/atmel/studio/7.0/toolchain/arm/arm-gnu-toolchain/bin/../lib/gcc/arm-none-eabi/6.3.1/../../../../arm-none-eabi/lib/thumb/v6-m\libc_nano.a
END GROUP
START GROUP
LOAD c:/program files (x86)/atmel/studio/7.0/toolchain/arm/arm-gnu-toolchain/bin/../lib/gcc/arm-none-eabi/6.3.1/thumb/v6-m\libgcc.a
LOAD c:/program files (x86)/atmel/studio/7.0/toolchain/arm/arm-gnu-toolchain/bin/../lib/gcc/arm-none-eabi/6.3.1/../../../../arm-none-eabi/lib/thumb/v6-m\libc_nano.a
END GROUP
LOAD c:/program files (x86)/atmel/studio/7.0/toolchain/arm/arm-gnu-toolchain/bin/../lib/gcc/arm-none-eabi/6.3.1/thumb/v6-m/crtend.o
LOAD c:/program files (x86)/atmel/studio/7.0/toolchain/arm/arm-gnu-toolchain/bin/../lib/gcc/arm-none-eabi/6.3.1/thumb/v6-m/crtn.o
                0x00002000                STACK_SIZE = DEFINED (STACK_SIZE)?STACK_SIZE:DEFINED (__stack_size__)?__stack_size__:0x2000

.text           0x00000000     0x1434
                0x00000000                . = ALIGN (0x4)
                0x00000000                _sfixed = .
 *(.vectors .vectors.*)
 .vectors       0x00000000       0xb4 Device_Startup/startup_saml21.o
                0x00000000                exception_table
 *(.text .text.* .gnu.linkonce.t.*)
 .text          0x000000b4       0x60 c:/program files (x86)/atmel/studio/7.0/toolchain/arm/arm-gnu-toolchain/bin/../lib/gcc/arm-none-eabi/6.3.1/thumb/v6-m/crtbegin.o
 .text.atmel_start_init
                0x00000114       0x14 atmel_start.o
                0x00000114                atmel_start_init
 .text.Dummy_Handler
                0x00000128        0x2 Device_Startup/startup_saml21.o
                0x00000128                SVCall_Handler
                0x00000128                DMAC_Handler
                0x00000128                TRNG_Handler
                0x00000128                HardFault_Handler
                0x00000128                TC2_Handler
                0x00000128                AC_Handler
                0x00000128                SysTick_Handler
                0x00000128                PendSV_Handler
                0x00000128                SERCOM1_Handler
                0x00000128                ADC_Handler
                0x00000128                NonMaskableInt_Handler
                0x00000128                TCC1_Handler
                0x00000128                SERCOM2_Handler
                0x00000128                TCC0_Handler
                0x00000128                RTC_Handler
                0x00000128                EIC_Handler
                0x00000128                WDT_Handler
                0x00000128                TC4_Handler
                0x00000128                TC1_Handler
                0x00000128                USB_Handler
                0x00000128                TC3_Handler
                0x00000128                Dummy_Handler
                0x00000128                SERCOM5_Handler
                0x00000128                TCC2_Handler
                0x00000128                EVSYS_Handler
                0x00000128                SERCOM3_Handler
                0x00000128                SERCOM4_Handler
                0x00000128                NVMCTRL_Handler
                0x00000128                SYSTEM_Handler
                0x00000128                SERCOM0_Handler
                0x00000128                DAC_Handler
                0x00000128                PTC_Handler
                0x00000128                TC0_Handler
                0x00000128                AES_Handler
 *fill*         0x0000012a        0x2 
 .text.Reset_Handler
                0x0000012c       0x74 Device_Startup/startup_saml21.o
                0x0000012c                Reset_Handler
 .text.DIGITAL_GLUE_LOGIC_0_PORT_init
                0x000001a0       0x48 driver_init.o
                0x000001a0                DIGITAL_GLUE_LOGIC_0_PORT_init
 .text.DIGITAL_GLUE_LOGIC_0_CLOCK_init
                0x000001e8       0x20 driver_init.o
                0x000001e8                DIGITAL_GLUE_LOGIC_0_CLOCK_init
 .text.DIGITAL_GLUE_LOGIC_0_init
                0x00000208       0x1c driver_init.o
                0x00000208                DIGITAL_GLUE_LOGIC_0_init
 .text.TARGET_IO_PORT_init
                0x00000224       0x44 driver_init.o
                0x00000224                TARGET_IO_PORT_init
 .text.TARGET_IO_CLOCK_init
                0x00000268       0x24 driver_init.o
                0x00000268                TARGET_IO_CLOCK_init
 .text.TARGET_IO_init
                0x0000028c       0x28 driver_init.o
                0x0000028c                TARGET_IO_init
 .text.system_init
                0x000002b4       0x68 driver_init.o
                0x000002b4                system_init
 .text.delay_ms
                0x0000031c       0x20 hal/src/hal_delay.o
                0x0000031c                delay_ms
 .text.io_write
                0x0000033c       0x38 hal/src/hal_io.o
                0x0000033c                io_write
 .text.io_read  0x00000374       0x38 hal/src/hal_io.o
                0x00000374                io_read
 .text.usart_sync_write
                0x000003ac       0x74 hal/src/hal_usart_sync.o
 .text.usart_sync_read
                0x00000420       0x6c hal/src/hal_usart_sync.o
 .text.usart_sync_init
                0x0000048c       0x4c hal/src/hal_usart_sync.o
                0x0000048c                usart_sync_init
 .text.usart_sync_enable
                0x000004d8       0x2c hal/src/hal_usart_sync.o
                0x000004d8                usart_sync_enable
 .text.assert   0x00000504        0x8 hal/utils/src/utils_assert.o
                0x00000504                assert
 .text._sbrk    0x0000050c       0x24 hal/utils/src/utils_syscalls.o
                0x0000050c                _sbrk
 .text._close   0x00000530        0x6 hal/utils/src/utils_syscalls.o
                0x00000530                _close
 .text._fstat   0x00000536        0xa hal/utils/src/utils_syscalls.o
                0x00000536                _fstat
 .text._lseek   0x00000540        0x4 hal/utils/src/utils_syscalls.o
                0x00000540                _lseek
 .text._custom_logic_init
                0x00000544       0x50 hpl/ccl/hpl_ccl.o
                0x00000544                _custom_logic_init
 .text._custom_logic_enable
                0x00000594       0x14 hpl/ccl/hpl_ccl.o
                0x00000594                _custom_logic_enable
 .text._get_cycles_for_ms
                0x000005a8       0x20 hpl/core/hpl_core_m0plus_base.o
                0x000005a8                _get_cycles_for_ms
 .text._delay_cycles
                0x000005c8        0x6 hpl/core/hpl_core_m0plus_base.o
                0x000005c8                _delay_cycles
 *fill*         0x000005ce        0x2 
 .text._init_chip
                0x000005d0       0x44 hpl/core/hpl_init.o
                0x000005d0                _init_chip
 .text._gclk_init_generators_by_fref
                0x00000614       0x24 hpl/gclk/hpl_gclk.o
                0x00000614                _gclk_init_generators_by_fref
 .text._mclk_init
                0x00000638       0x14 hpl/mclk/hpl_mclk.o
                0x00000638                _mclk_init
 .text._osc32kctrl_init_sources
                0x0000064c       0x1c hpl/osc32kctrl/hpl_osc32kctrl.o
                0x0000064c                _osc32kctrl_init_sources
 .text._oscctrl_init_sources
                0x00000668       0x38 hpl/oscctrl/hpl_oscctrl.o
                0x00000668                _oscctrl_init_sources
 .text._oscctrl_init_referenced_generators
                0x000006a0        0x2 hpl/oscctrl/hpl_oscctrl.o
                0x000006a0                _oscctrl_init_referenced_generators
 .text._set_performance_level
                0x000006a2       0x2e hpl/pm/hpl_pm.o
                0x000006a2                _set_performance_level
 .text._sercom_get_hardware_index
                0x000006d0       0x1c hpl/sercom/hpl_sercom.o
 .text._get_sercom_index
                0x000006ec       0x44 hpl/sercom/hpl_sercom.o
 .text._usart_init
                0x00000730       0xf0 hpl/sercom/hpl_sercom.o
 .text._usart_sync_init
                0x00000820       0x2c hpl/sercom/hpl_sercom.o
                0x00000820                _usart_sync_init
 .text._usart_sync_enable
                0x0000084c       0x12 hpl/sercom/hpl_sercom.o
                0x0000084c                _usart_sync_enable
 .text._usart_sync_write_byte
                0x0000085e        0x8 hpl/sercom/hpl_sercom.o
                0x0000085e                _usart_sync_write_byte
 .text._usart_sync_read_byte
                0x00000866        0x8 hpl/sercom/hpl_sercom.o
                0x00000866                _usart_sync_read_byte
 .text._usart_sync_is_ready_to_send
                0x0000086e        0xa hpl/sercom/hpl_sercom.o
                0x0000086e                _usart_sync_is_ready_to_send
 .text._usart_sync_is_transmit_done
                0x00000878        0xc hpl/sercom/hpl_sercom.o
                0x00000878                _usart_sync_is_transmit_done
 .text._usart_sync_is_byte_received
                0x00000884        0xc hpl/sercom/hpl_sercom.o
                0x00000884                _usart_sync_is_byte_received
 .text.main     0x00000890       0x60 main.o
                0x00000890                main
 .text._read    0x000008f0       0x28 stdio_redirect/gcc/read.o
                0x000008f0                _read
 .text._write   0x00000918       0x28 stdio_redirect/gcc/write.o
                0x00000918                _write
 .text.stdio_io_init
                0x00000940       0x2c stdio_redirect/stdio_io.o
                0x00000940                stdio_io_init
 .text.stdio_io_read
                0x0000096c       0x24 stdio_redirect/stdio_io.o
                0x0000096c                stdio_io_read
 .text.stdio_io_write
                0x00000990       0x24 stdio_redirect/stdio_io.o
                0x00000990                stdio_io_write
 .text.stdio_redirect_init
                0x000009b4       0x20 stdio_start.o
                0x000009b4                stdio_redirect_init
 .text          0x000009d4      0x114 c:/program files (x86)/atmel/studio/7.0/toolchain/arm/arm-gnu-toolchain/bin/../lib/gcc/arm-none-eabi/6.3.1/thumb/v6-m\libgcc.a(_udivsi3.o)
                0x000009d4                __aeabi_uidiv
                0x000009d4                __udivsi3
                0x00000ae0                __aeabi_uidivmod
 .text          0x00000ae8        0x4 c:/program files (x86)/atmel/studio/7.0/toolchain/arm/arm-gnu-toolchain/bin/../lib/gcc/arm-none-eabi/6.3.1/thumb/v6-m\libgcc.a(_dvmd_tls.o)
                0x00000ae8                __aeabi_idiv0
                0x00000ae8                __aeabi_ldiv0
 .text.__libc_init_array
                0x00000aec       0x48 c:/program files (x86)/atmel/studio/7.0/toolchain/arm/arm-gnu-toolchain/bin/../lib/gcc/arm-none-eabi/6.3.1/../../../../arm-none-eabi/lib/thumb/v6-m\libc_nano.a(lib_a-init.o)
                0x00000aec                __libc_init_array
 .text.memset   0x00000b34       0x10 c:/program files (x86)/atmel/studio/7.0/toolchain/arm/arm-gnu-toolchain/bin/../lib/gcc/arm-none-eabi/6.3.1/../../../../arm-none-eabi/lib/thumb/v6-m\libc_nano.a(lib_a-memset.o)
                0x00000b34                memset
 .text.setbuf   0x00000b44       0x12 c:/program files (x86)/atmel/studio/7.0/toolchain/arm/arm-gnu-toolchain/bin/../lib/gcc/arm-none-eabi/6.3.1/../../../../arm-none-eabi/lib/thumb/v6-m\libc_nano.a(lib_a-setbuf.o)
                0x00000b44                setbuf
 *fill*         0x00000b56        0x2 
 .text.setvbuf  0x00000b58      0x158 c:/program files (x86)/atmel/studio/7.0/toolchain/arm/arm-gnu-toolchain/bin/../lib/gcc/arm-none-eabi/6.3.1/../../../../arm-none-eabi/lib/thumb/v6-m\libc_nano.a(lib_a-setvbuf.o)
                0x00000b58                setvbuf
 .text.__sflush_r
                0x00000cb0      0x114 c:/program files (x86)/atmel/studio/7.0/toolchain/arm/arm-gnu-toolchain/bin/../lib/gcc/arm-none-eabi/6.3.1/../../../../arm-none-eabi/lib/thumb/v6-m\libc_nano.a(lib_a-fflush.o)
                0x00000cb0                __sflush_r
 .text._fflush_r
                0x00000dc4       0x58 c:/program files (x86)/atmel/studio/7.0/toolchain/arm/arm-gnu-toolchain/bin/../lib/gcc/arm-none-eabi/6.3.1/../../../../arm-none-eabi/lib/thumb/v6-m\libc_nano.a(lib_a-fflush.o)
                0x00000dc4                _fflush_r
 .text._cleanup_r
                0x00000e1c       0x10 c:/program files (x86)/atmel/studio/7.0/toolchain/arm/arm-gnu-toolchain/bin/../lib/gcc/arm-none-eabi/6.3.1/../../../../arm-none-eabi/lib/thumb/v6-m\libc_nano.a(lib_a-findfp.o)
                0x00000e1c                _cleanup_r
 .text.std.isra.0
                0x00000e2c       0x48 c:/program files (x86)/atmel/studio/7.0/toolchain/arm/arm-gnu-toolchain/bin/../lib/gcc/arm-none-eabi/6.3.1/../../../../arm-none-eabi/lib/thumb/v6-m\libc_nano.a(lib_a-findfp.o)
 .text.__sfmoreglue
                0x00000e74       0x2c c:/program files (x86)/atmel/studio/7.0/toolchain/arm/arm-gnu-toolchain/bin/../lib/gcc/arm-none-eabi/6.3.1/../../../../arm-none-eabi/lib/thumb/v6-m\libc_nano.a(lib_a-findfp.o)
                0x00000e74                __sfmoreglue
 .text.__sinit  0x00000ea0       0x68 c:/program files (x86)/atmel/studio/7.0/toolchain/arm/arm-gnu-toolchain/bin/../lib/gcc/arm-none-eabi/6.3.1/../../../../arm-none-eabi/lib/thumb/v6-m\libc_nano.a(lib_a-findfp.o)
                0x00000ea0                __sinit
 .text.__sfp    0x00000f08       0x80 c:/program files (x86)/atmel/studio/7.0/toolchain/arm/arm-gnu-toolchain/bin/../lib/gcc/arm-none-eabi/6.3.1/../../../../arm-none-eabi/lib/thumb/v6-m\libc_nano.a(lib_a-findfp.o)
                0x00000f08                __sfp
 .text._fwalk_reent
                0x00000f88       0x42 c:/program files (x86)/atmel/studio/7.0/toolchain/arm/arm-gnu-toolchain/bin/../lib/gcc/arm-none-eabi/6.3.1/../../../../arm-none-eabi/lib/thumb/v6-m\libc_nano.a(lib_a-fwalk.o)
                0x00000f88                _fwalk_reent
 *fill*         0x00000fca        0x2 
 .text.__swhatbuf_r
                0x00000fcc       0x50 c:/program files (x86)/atmel/studio/7.0/toolchain/arm/arm-gnu-toolchain/bin/../lib/gcc/arm-none-eabi/6.3.1/../../../../arm-none-eabi/lib/thumb/v6-m\libc_nano.a(lib_a-makebuf.o)
                0x00000fcc                __swhatbuf_r
 .text.malloc   0x0000101c       0x14 c:/program files (x86)/atmel/studio/7.0/toolchain/arm/arm-gnu-toolchain/bin/../lib/gcc/arm-none-eabi/6.3.1/../../../../arm-none-eabi/lib/thumb/v6-m\libc_nano.a(lib_a-malloc.o)
                0x0000101c                malloc
 .text._free_r  0x00001030       0x94 c:/program files (x86)/atmel/studio/7.0/toolchain/arm/arm-gnu-toolchain/bin/../lib/gcc/arm-none-eabi/6.3.1/../../../../arm-none-eabi/lib/thumb/v6-m\libc_nano.a(lib_a-nano-freer.o)
                0x00001030                _free_r
 .text._malloc_r
                0x000010c4       0xbc c:/program files (x86)/atmel/studio/7.0/toolchain/arm/arm-gnu-toolchain/bin/../lib/gcc/arm-none-eabi/6.3.1/../../../../arm-none-eabi/lib/thumb/v6-m\libc_nano.a(lib_a-nano-mallocr.o)
                0x000010c4                _malloc_r
 .text._sbrk_r  0x00001180       0x24 c:/program files (x86)/atmel/studio/7.0/toolchain/arm/arm-gnu-toolchain/bin/../lib/gcc/arm-none-eabi/6.3.1/../../../../arm-none-eabi/lib/thumb/v6-m\libc_nano.a(lib_a-sbrkr.o)
                0x00001180                _sbrk_r
 .text.__sread  0x000011a4       0x28 c:/program files (x86)/atmel/studio/7.0/toolchain/arm/arm-gnu-toolchain/bin/../lib/gcc/arm-none-eabi/6.3.1/../../../../arm-none-eabi/lib/thumb/v6-m\libc_nano.a(lib_a-stdio.o)
                0x000011a4                __sread
 .text.__swrite
                0x000011cc       0x38 c:/program files (x86)/atmel/studio/7.0/toolchain/arm/arm-gnu-toolchain/bin/../lib/gcc/arm-none-eabi/6.3.1/../../../../arm-none-eabi/lib/thumb/v6-m\libc_nano.a(lib_a-stdio.o)
                0x000011cc                __swrite
 .text.__sseek  0x00001204       0x2c c:/program files (x86)/atmel/studio/7.0/toolchain/arm/arm-gnu-toolchain/bin/../lib/gcc/arm-none-eabi/6.3.1/../../../../arm-none-eabi/lib/thumb/v6-m\libc_nano.a(lib_a-stdio.o)
                0x00001204                __sseek
 .text.__sclose
                0x00001230        0xc c:/program files (x86)/atmel/studio/7.0/toolchain/arm/arm-gnu-toolchain/bin/../lib/gcc/arm-none-eabi/6.3.1/../../../../arm-none-eabi/lib/thumb/v6-m\libc_nano.a(lib_a-stdio.o)
                0x00001230                __sclose
 .text._write_r
                0x0000123c       0x28 c:/program files (x86)/atmel/studio/7.0/toolchain/arm/arm-gnu-toolchain/bin/../lib/gcc/arm-none-eabi/6.3.1/../../../../arm-none-eabi/lib/thumb/v6-m\libc_nano.a(lib_a-writer.o)
                0x0000123c                _write_r
 .text._close_r
                0x00001264       0x24 c:/program files (x86)/atmel/studio/7.0/toolchain/arm/arm-gnu-toolchain/bin/../lib/gcc/arm-none-eabi/6.3.1/../../../../arm-none-eabi/lib/thumb/v6-m\libc_nano.a(lib_a-closer.o)
                0x00001264                _close_r
 .text._fstat_r
                0x00001288       0x24 c:/program files (x86)/atmel/studio/7.0/toolchain/arm/arm-gnu-toolchain/bin/../lib/gcc/arm-none-eabi/6.3.1/../../../../arm-none-eabi/lib/thumb/v6-m\libc_nano.a(lib_a-fstatr.o)
                0x00001288                _fstat_r
 .text._lseek_r
                0x000012ac       0x28 c:/program files (x86)/atmel/studio/7.0/toolchain/arm/arm-gnu-toolchain/bin/../lib/gcc/arm-none-eabi/6.3.1/../../../../arm-none-eabi/lib/thumb/v6-m\libc_nano.a(lib_a-lseekr.o)
                0x000012ac                _lseek_r
 .text.__malloc_lock
                0x000012d4        0x2 c:/program files (x86)/atmel/studio/7.0/toolchain/arm/arm-gnu-toolchain/bin/../lib/gcc/arm-none-eabi/6.3.1/../../../../arm-none-eabi/lib/thumb/v6-m\libc_nano.a(lib_a-mlock.o)
                0x000012d4                __malloc_lock
 .text.__malloc_unlock
                0x000012d6        0x2 c:/program files (x86)/atmel/studio/7.0/toolchain/arm/arm-gnu-toolchain/bin/../lib/gcc/arm-none-eabi/6.3.1/../../../../arm-none-eabi/lib/thumb/v6-m\libc_nano.a(lib_a-mlock.o)
                0x000012d6                __malloc_unlock
 .text._read_r  0x000012d8       0x28 c:/program files (x86)/atmel/studio/7.0/toolchain/arm/arm-gnu-toolchain/bin/../lib/gcc/arm-none-eabi/6.3.1/../../../../arm-none-eabi/lib/thumb/v6-m\libc_nano.a(lib_a-readr.o)
                0x000012d8                _read_r
 *(.glue_7t)
 .glue_7t       0x00001300        0x0 linker stubs
 *(.glue_7)
 .glue_7        0x00001300        0x0 linker stubs
 *(.rodata .rodata* .gnu.linkonce.r.*)
 .rodata.str1.4
                0x00001300       0x14 hal/src/hal_io.o
 .rodata.str1.4
                0x00001314       0x1c hal/src/hal_usart_sync.o
 .rodata        0x00001330       0x14 hpl/ccl/hpl_ccl.o
                0x00001330                _ccl_reg_cfgs
 .rodata        0x00001344       0x4d hpl/sercom/hpl_sercom.o
 *fill*         0x00001391        0x3 
 .rodata.str1.4
                0x00001394       0x1c hpl/sercom/hpl_sercom.o
                                 0x1b (size before relaxing)
 .rodata._global_impure_ptr
                0x000013b0        0x4 c:/program files (x86)/atmel/studio/7.0/toolchain/arm/arm-gnu-toolchain/bin/../lib/gcc/arm-none-eabi/6.3.1/../../../../arm-none-eabi/lib/thumb/v6-m\libc_nano.a(lib_a-impure.o)
                0x000013b0                _global_impure_ptr
 .rodata.__sf_fake_stderr
                0x000013b4       0x20 c:/program files (x86)/atmel/studio/7.0/toolchain/arm/arm-gnu-toolchain/bin/../lib/gcc/arm-none-eabi/6.3.1/../../../../arm-none-eabi/lib/thumb/v6-m\libc_nano.a(lib_a-findfp.o)
                0x000013b4                __sf_fake_stderr
 .rodata.__sf_fake_stdin
                0x000013d4       0x20 c:/program files (x86)/atmel/studio/7.0/toolchain/arm/arm-gnu-toolchain/bin/../lib/gcc/arm-none-eabi/6.3.1/../../../../arm-none-eabi/lib/thumb/v6-m\libc_nano.a(lib_a-findfp.o)
                0x000013d4                __sf_fake_stdin
 .rodata.__sf_fake_stdout
                0x000013f4       0x20 c:/program files (x86)/atmel/studio/7.0/toolchain/arm/arm-gnu-toolchain/bin/../lib/gcc/arm-none-eabi/6.3.1/../../../../arm-none-eabi/lib/thumb/v6-m\libc_nano.a(lib_a-findfp.o)
                0x000013f4                __sf_fake_stdout
 *(.ARM.extab* .gnu.linkonce.armextab.*)
                0x00001414                . = ALIGN (0x4)
 *(.init)
 .init          0x00001414        0x4 c:/program files (x86)/atmel/studio/7.0/toolchain/arm/arm-gnu-toolchain/bin/../lib/gcc/arm-none-eabi/6.3.1/thumb/v6-m/crti.o
                0x00001414                _init
 .init          0x00001418        0x8 c:/program files (x86)/atmel/studio/7.0/toolchain/arm/arm-gnu-toolchain/bin/../lib/gcc/arm-none-eabi/6.3.1/thumb/v6-m/crtn.o
                0x00001420                . = ALIGN (0x4)
                0x00001420                __preinit_array_start = .
 *(.preinit_array)
                0x00001420                __preinit_array_end = .
                0x00001420                . = ALIGN (0x4)
                0x00001420                __init_array_start = .
 *(SORT(.init_array.*))
 *(.init_array)
 .init_array    0x00001420        0x4 c:/program files (x86)/atmel/studio/7.0/toolchain/arm/arm-gnu-toolchain/bin/../lib/gcc/arm-none-eabi/6.3.1/thumb/v6-m/crtbegin.o
                0x00001424                __init_array_end = .
                0x00001424                . = ALIGN (0x4)
 *crtbegin.o(.ctors)
 *(EXCLUDE_FILE(*crtend.o) .ctors)
 *(SORT(.ctors.*))
 *crtend.o(.ctors)
                0x00001424                . = ALIGN (0x4)
 *(.fini)
 .fini          0x00001424        0x4 c:/program files (x86)/atmel/studio/7.0/toolchain/arm/arm-gnu-toolchain/bin/../lib/gcc/arm-none-eabi/6.3.1/thumb/v6-m/crti.o
                0x00001424                _fini
 .fini          0x00001428        0x8 c:/program files (x86)/atmel/studio/7.0/toolchain/arm/arm-gnu-toolchain/bin/../lib/gcc/arm-none-eabi/6.3.1/thumb/v6-m/crtn.o
                0x00001430                . = ALIGN (0x4)
                0x00001430                __fini_array_start = .
 *(.fini_array)
 .fini_array    0x00001430        0x4 c:/program files (x86)/atmel/studio/7.0/toolchain/arm/arm-gnu-toolchain/bin/../lib/gcc/arm-none-eabi/6.3.1/thumb/v6-m/crtbegin.o
 *(SORT(.fini_array.*))
                0x00001434                __fini_array_end = .
 *crtbegin.o(.dtors)
 *(EXCLUDE_FILE(*crtend.o) .dtors)
 *(SORT(.dtors.*))
 *crtend.o(.dtors)
                0x00001434                . = ALIGN (0x4)
                0x00001434                _efixed = .
                [!provide]                PROVIDE (__exidx_start, .)

.vfp11_veneer   0x00001434        0x0
 .vfp11_veneer  0x00001434        0x0 linker stubs

.v4_bx          0x00001434        0x0
 .v4_bx         0x00001434        0x0 linker stubs

.iplt           0x00001434        0x0
 .iplt          0x00001434        0x0 c:/program files (x86)/atmel/studio/7.0/toolchain/arm/arm-gnu-toolchain/bin/../lib/gcc/arm-none-eabi/6.3.1/thumb/v6-m/crtbegin.o

.eh_frame       0x00001434        0x0
 .eh_frame      0x00001434        0x0 c:/program files (x86)/atmel/studio/7.0/toolchain/arm/arm-gnu-toolchain/bin/../lib/gcc/arm-none-eabi/6.3.1/thumb/v6-m/crtbegin.o

.rel.dyn        0x00001434        0x0
 .rel.iplt      0x00001434        0x0 c:/program files (x86)/atmel/studio/7.0/toolchain/arm/arm-gnu-toolchain/bin/../lib/gcc/arm-none-eabi/6.3.1/thumb/v6-m/crtbegin.o

.jcr            0x00001434        0x0
 .jcr           0x00001434        0x0 c:/program files (x86)/atmel/studio/7.0/toolchain/arm/arm-gnu-toolchain/bin/../lib/gcc/arm-none-eabi/6.3.1/thumb/v6-m/crtbegin.o

.igot.plt       0x00001434        0x0
 .igot.plt      0x00001434        0x0 c:/program files (x86)/atmel/studio/7.0/toolchain/arm/arm-gnu-toolchain/bin/../lib/gcc/arm-none-eabi/6.3.1/thumb/v6-m/crtbegin.o

.ARM.exidx
 *(.ARM.exidx* .gnu.linkonce.armexidx.*)
                [!provide]                PROVIDE (__exidx_end, .)
                0x00001434                . = ALIGN (0x4)
                0x00001434                _etext = .

.relocate       0x20000000       0x64 load address 0x00001434
                0x20000000                . = ALIGN (0x4)
                0x20000000                _srelocate = .
 *(.ramfunc .ramfunc.*)
 *(.data .data.*)
 .data._impure_ptr
                0x20000000        0x4 c:/program files (x86)/atmel/studio/7.0/toolchain/arm/arm-gnu-toolchain/bin/../lib/gcc/arm-none-eabi/6.3.1/../../../../arm-none-eabi/lib/thumb/v6-m\libc_nano.a(lib_a-impure.o)
                0x20000000                _impure_ptr
 .data.impure_data
                0x20000004       0x60 c:/program files (x86)/atmel/studio/7.0/toolchain/arm/arm-gnu-toolchain/bin/../lib/gcc/arm-none-eabi/6.3.1/../../../../arm-none-eabi/lib/thumb/v6-m\libc_nano.a(lib_a-impure.o)
                0x20000064                . = ALIGN (0x4)
                0x20000064                _erelocate = .

.lpram          0x30000000        0x0
                0x30000000                . = ALIGN (0x8)
                0x30000000                _slpram = .
 *(.lpram .lpram.*)
                0x30000000                . = ALIGN (0x8)
                0x30000000                _elpram = .

.bss            0x20000064       0x40 load address 0x00001498
                0x20000064                . = ALIGN (0x4)
                0x20000064                _sbss = .
                0x20000064                _szero = .
 *(.bss .bss.*)
 .bss           0x20000064       0x1c c:/program files (x86)/atmel/studio/7.0/toolchain/arm/arm-gnu-toolchain/bin/../lib/gcc/arm-none-eabi/6.3.1/thumb/v6-m/crtbegin.o
 .bss           0x20000080        0x4 hal/src/hal_delay.o
 .bss           0x20000084        0x4 hal/utils/src/utils_syscalls.o
 .bss           0x20000088        0x4 stdio_redirect/stdio_io.o
 .bss.__malloc_free_list
                0x2000008c        0x4 c:/program files (x86)/atmel/studio/7.0/toolchain/arm/arm-gnu-toolchain/bin/../lib/gcc/arm-none-eabi/6.3.1/../../../../arm-none-eabi/lib/thumb/v6-m\libc_nano.a(lib_a-nano-mallocr.o)
                0x2000008c                __malloc_free_list
 .bss.__malloc_sbrk_start
                0x20000090        0x4 c:/program files (x86)/atmel/studio/7.0/toolchain/arm/arm-gnu-toolchain/bin/../lib/gcc/arm-none-eabi/6.3.1/../../../../arm-none-eabi/lib/thumb/v6-m\libc_nano.a(lib_a-nano-mallocr.o)
                0x20000090                __malloc_sbrk_start
 *(COMMON)
 COMMON         0x20000094        0xc driver_init.o
                0x20000094                TARGET_IO
 COMMON         0x200000a0        0x4 c:/program files (x86)/atmel/studio/7.0/toolchain/arm/arm-gnu-toolchain/bin/../lib/gcc/arm-none-eabi/6.3.1/../../../../arm-none-eabi/lib/thumb/v6-m\libc_nano.a(lib_a-reent.o)
                0x200000a0                errno
                0x200000a4                . = ALIGN (0x4)
                0x200000a4                _ebss = .
                0x200000a4                _ezero = .

.stack          0x200000a4     0x2004 load address 0x000014d8
                0x200000a8                . = ALIGN (0x8)
 *fill*         0x200000a4        0x4 
                0x200000a8                _sstack = .
                0x200020a8                . = (. + STACK_SIZE)
 *fill*         0x200000a8     0x2000 
                0x200020a8                . = ALIGN (0x8)
                0x200020a8                _estack = .
                0x200020a8                . = ALIGN (0x4)
                0x200020a8                _end = .
OUTPUT(ccl_test.elf elf32-littlearm)

.ARM.attributes
                0x00000000       0x28
 .ARM.attributes
                0x00000000       0x1e c:/program files (x86)/atmel/studio/7.0/toolchain/arm/arm-gnu-toolchain/bin/../lib/gcc/arm-none-eabi/6.3.1/thumb/v6-m/crti.o
 .ARM.attributes
                0x0000001e       0x2c c:/program files (x86)/atmel/studio/7.0/toolchain/arm/arm-gnu-toolchain/bin/../lib/gcc/arm-none-eabi/6.3.1/thumb/v6-m/crtbegin.o
 .ARM.attributes
                0x0000004a       0x32 atmel_start.o
 .ARM.attributes
                0x0000007c       0x32 Device_Startup/startup_saml21.o
 .ARM.attributes
                0x000000ae       0x32 driver_init.o
 .ARM.attributes
                0x000000e0       0x32 hal/src/hal_delay.o
 .ARM.attributes
                0x00000112       0x32 hal/src/hal_io.o
 .ARM.attributes
                0x00000144       0x32 hal/src/hal_usart_sync.o
 .ARM.attributes
                0x00000176       0x32 hal/utils/src/utils_assert.o
 .ARM.attributes
                0x000001a8       0x32 hal/utils/src/utils_syscalls.o
 .ARM.attributes
                0x000001da       0x32 hpl/ccl/hpl_ccl.o
 .ARM.attributes
                0x0000020c       0x32 hpl/core/hpl_core_m0plus_base.o
 .ARM.attributes
                0x0000023e       0x32 hpl/core/hpl_init.o
 .ARM.attributes
                0x00000270       0x32 hpl/gclk/hpl_gclk.o
 .ARM.attributes
                0x000002a2       0x32 hpl/mclk/hpl_mclk.o
 .ARM.attributes
                0x000002d4       0x32 hpl/osc32kctrl/hpl_osc32kctrl.o
 .ARM.attributes
                0x00000306       0x32 hpl/oscctrl/hpl_oscctrl.o
 .ARM.attributes
                0x00000338       0x32 hpl/pm/hpl_pm.o
 .ARM.attributes
                0x0000036a       0x32 hpl/sercom/hpl_sercom.o
 .ARM.attributes
                0x0000039c       0x32 main.o
 .ARM.attributes
                0x000003ce       0x32 stdio_redirect/gcc/read.o
 .ARM.attributes
                0x00000400       0x32 stdio_redirect/gcc/write.o
 .ARM.attributes
                0x00000432       0x32 stdio_redirect/stdio_io.o
 .ARM.attributes
                0x00000464       0x32 stdio_start.o
 .ARM.attributes
                0x00000496       0x1e c:/program files (x86)/atmel/studio/7.0/toolchain/arm/arm-gnu-toolchain/bin/../lib/gcc/arm-none-eabi/6.3.1/thumb/v6-m\libgcc.a(_udivsi3.o)
 .ARM.attributes
                0x000004b4       0x1e c:/program files (x86)/atmel/studio/7.0/toolchain/arm/arm-gnu-toolchain/bin/../lib/gcc/arm-none-eabi/6.3.1/thumb/v6-m\libgcc.a(_dvmd_tls.o)
 .ARM.attributes
                0x000004d2       0x2c c:/program files (x86)/atmel/studio/7.0/toolchain/arm/arm-gnu-toolchain/bin/../lib/gcc/arm-none-eabi/6.3.1/../../../../arm-none-eabi/lib/thumb/v6-m\libc_nano.a(lib_a-impure.o)
 .ARM.attributes
                0x000004fe       0x2c c:/program files (x86)/atmel/studio/7.0/toolchain/arm/arm-gnu-toolchain/bin/../lib/gcc/arm-none-eabi/6.3.1/../../../../arm-none-eabi/lib/thumb/v6-m\libc_nano.a(lib_a-init.o)
 .ARM.attributes
                0x0000052a       0x2c c:/program files (x86)/atmel/studio/7.0/toolchain/arm/arm-gnu-toolchain/bin/../lib/gcc/arm-none-eabi/6.3.1/../../../../arm-none-eabi/lib/thumb/v6-m\libc_nano.a(lib_a-memset.o)
 .ARM.attributes
                0x00000556       0x2c c:/program files (x86)/atmel/studio/7.0/toolchain/arm/arm-gnu-toolchain/bin/../lib/gcc/arm-none-eabi/6.3.1/../../../../arm-none-eabi/lib/thumb/v6-m\libc_nano.a(lib_a-setbuf.o)
 .ARM.attributes
                0x00000582       0x2c c:/program files (x86)/atmel/studio/7.0/toolchain/arm/arm-gnu-toolchain/bin/../lib/gcc/arm-none-eabi/6.3.1/../../../../arm-none-eabi/lib/thumb/v6-m\libc_nano.a(lib_a-setvbuf.o)
 .ARM.attributes
                0x000005ae       0x2c c:/program files (x86)/atmel/studio/7.0/toolchain/arm/arm-gnu-toolchain/bin/../lib/gcc/arm-none-eabi/6.3.1/../../../../arm-none-eabi/lib/thumb/v6-m\libc_nano.a(lib_a-fflush.o)
 .ARM.attributes
                0x000005da       0x2c c:/program files (x86)/atmel/studio/7.0/toolchain/arm/arm-gnu-toolchain/bin/../lib/gcc/arm-none-eabi/6.3.1/../../../../arm-none-eabi/lib/thumb/v6-m\libc_nano.a(lib_a-findfp.o)
 .ARM.attributes
                0x00000606       0x2c c:/program files (x86)/atmel/studio/7.0/toolchain/arm/arm-gnu-toolchain/bin/../lib/gcc/arm-none-eabi/6.3.1/../../../../arm-none-eabi/lib/thumb/v6-m\libc_nano.a(lib_a-fwalk.o)
 .ARM.attributes
                0x00000632       0x2c c:/program files (x86)/atmel/studio/7.0/toolchain/arm/arm-gnu-toolchain/bin/../lib/gcc/arm-none-eabi/6.3.1/../../../../arm-none-eabi/lib/thumb/v6-m\libc_nano.a(lib_a-makebuf.o)
 .ARM.attributes
                0x0000065e       0x2c c:/program files (x86)/atmel/studio/7.0/toolchain/arm/arm-gnu-toolchain/bin/../lib/gcc/arm-none-eabi/6.3.1/../../../../arm-none-eabi/lib/thumb/v6-m\libc_nano.a(lib_a-malloc.o)
 .ARM.attributes
                0x0000068a       0x2c c:/program files (x86)/atmel/studio/7.0/toolchain/arm/arm-gnu-toolchain/bin/../lib/gcc/arm-none-eabi/6.3.1/../../../../arm-none-eabi/lib/thumb/v6-m\libc_nano.a(lib_a-nano-freer.o)
 .ARM.attributes
                0x000006b6       0x2c c:/program files (x86)/atmel/studio/7.0/toolchain/arm/arm-gnu-toolchain/bin/../lib/gcc/arm-none-eabi/6.3.1/../../../../arm-none-eabi/lib/thumb/v6-m\libc_nano.a(lib_a-nano-mallocr.o)
 .ARM.attributes
                0x000006e2       0x2c c:/program files (x86)/atmel/studio/7.0/toolchain/arm/arm-gnu-toolchain/bin/../lib/gcc/arm-none-eabi/6.3.1/../../../../arm-none-eabi/lib/thumb/v6-m\libc_nano.a(lib_a-sbrkr.o)
 .ARM.attributes
                0x0000070e       0x2c c:/program files (x86)/atmel/studio/7.0/toolchain/arm/arm-gnu-toolchain/bin/../lib/gcc/arm-none-eabi/6.3.1/../../../../arm-none-eabi/lib/thumb/v6-m\libc_nano.a(lib_a-stdio.o)
 .ARM.attributes
                0x0000073a       0x2c c:/program files (x86)/atmel/studio/7.0/toolchain/arm/arm-gnu-toolchain/bin/../lib/gcc/arm-none-eabi/6.3.1/../../../../arm-none-eabi/lib/thumb/v6-m\libc_nano.a(lib_a-writer.o)
 .ARM.attributes
                0x00000766       0x2c c:/program files (x86)/atmel/studio/7.0/toolchain/arm/arm-gnu-toolchain/bin/../lib/gcc/arm-none-eabi/6.3.1/../../../../arm-none-eabi/lib/thumb/v6-m\libc_nano.a(lib_a-closer.o)
 .ARM.attributes
                0x00000792       0x2c c:/program files (x86)/atmel/studio/7.0/toolchain/arm/arm-gnu-toolchain/bin/../lib/gcc/arm-none-eabi/6.3.1/../../../../arm-none-eabi/lib/thumb/v6-m\libc_nano.a(lib_a-fstatr.o)
 .ARM.attributes
                0x000007be       0x2c c:/program files (x86)/atmel/studio/7.0/toolchain/arm/arm-gnu-toolchain/bin/../lib/gcc/arm-none-eabi/6.3.1/../../../../arm-none-eabi/lib/thumb/v6-m\libc_nano.a(lib_a-lseekr.o)
 .ARM.attributes
                0x000007ea       0x2c c:/program files (x86)/atmel/studio/7.0/toolchain/arm/arm-gnu-toolchain/bin/../lib/gcc/arm-none-eabi/6.3.1/../../../../arm-none-eabi/lib/thumb/v6-m\libc_nano.a(lib_a-mlock.o)
 .ARM.attributes
                0x00000816       0x2c c:/program files (x86)/atmel/studio/7.0/toolchain/arm/arm-gnu-toolchain/bin/../lib/gcc/arm-none-eabi/6.3.1/../../../../arm-none-eabi/lib/thumb/v6-m\libc_nano.a(lib_a-readr.o)
 .ARM.attributes
                0x00000842       0x2c c:/program files (x86)/atmel/studio/7.0/toolchain/arm/arm-gnu-toolchain/bin/../lib/gcc/arm-none-eabi/6.3.1/../../../../arm-none-eabi/lib/thumb/v6-m\libc_nano.a(lib_a-reent.o)
 .ARM.attributes
                0x0000086e       0x1e c:/program files (x86)/atmel/studio/7.0/toolchain/arm/arm-gnu-toolchain/bin/../lib/gcc/arm-none-eabi/6.3.1/thumb/v6-m/crtn.o

.comment        0x00000000       0x59
 .comment       0x00000000       0x59 atmel_start.o
                                 0x5a (size before relaxing)
 .comment       0x00000059       0x5a Device_Startup/startup_saml21.o
 .comment       0x00000059       0x5a driver_init.o
 .comment       0x00000059       0x5a hal/src/hal_delay.o
 .comment       0x00000059       0x5a hal/src/hal_io.o
 .comment       0x00000059       0x5a hal/src/hal_usart_sync.o
 .comment       0x00000059       0x5a hal/utils/src/utils_assert.o
 .comment       0x00000059       0x5a hal/utils/src/utils_syscalls.o
 .comment       0x00000059       0x5a hpl/ccl/hpl_ccl.o
 .comment       0x00000059       0x5a hpl/core/hpl_core_m0plus_base.o
 .comment       0x00000059       0x5a hpl/core/hpl_init.o
 .comment       0x00000059       0x5a hpl/gclk/hpl_gclk.o
 .comment       0x00000059       0x5a hpl/mclk/hpl_mclk.o
 .comment       0x00000059       0x5a hpl/osc32kctrl/hpl_osc32kctrl.o
 .comment       0x00000059       0x5a hpl/oscctrl/hpl_oscctrl.o
 .comment       0x00000059       0x5a hpl/pm/hpl_pm.o
 .comment       0x00000059       0x5a hpl/sercom/hpl_sercom.o
 .comment       0x00000059       0x5a main.o
 .comment       0x00000059       0x5a stdio_redirect/gcc/read.o
 .comment       0x00000059       0x5a stdio_redirect/gcc/write.o
 .comment       0x00000059       0x5a stdio_redirect/stdio_io.o
 .comment       0x00000059       0x5a stdio_start.o

.debug_info     0x00000000    0x1ac0a
 .debug_info    0x00000000      0xb22 atmel_start.o
 .debug_info    0x00000b22      0xa2b Device_Startup/startup_saml21.o
 .debug_info    0x0000154d     0x3f9e driver_init.o
 .debug_info    0x000054eb      0x1dc hal/src/hal_delay.o
 .debug_info    0x000056c7      0x2b2 hal/src/hal_io.o
 .debug_info    0x00005979      0xc56 hal/src/hal_usart_sync.o
 .debug_info    0x000065cf      0x107 hal/utils/src/utils_assert.o
 .debug_info    0x000066d6      0xdca hal/utils/src/utils_syscalls.o
 .debug_info    0x000074a0      0x635 hpl/ccl/hpl_ccl.o
 .debug_info    0x00007ad5      0x871 hpl/core/hpl_core_m0plus_base.o
 .debug_info    0x00008346      0x6d4 hpl/core/hpl_init.o
 .debug_info    0x00008a1a      0x582 hpl/gclk/hpl_gclk.o
 .debug_info    0x00008f9c      0xa0e hpl/mclk/hpl_mclk.o
 .debug_info    0x000099aa      0x622 hpl/osc32kctrl/hpl_osc32kctrl.o
 .debug_info    0x00009fcc      0xe4d hpl/oscctrl/hpl_oscctrl.o
 .debug_info    0x0000ae19      0xac0 hpl/pm/hpl_pm.o
 .debug_info    0x0000b8d9     0xb272 hpl/sercom/hpl_sercom.o
 .debug_info    0x00016b4b     0x1502 main.o
 .debug_info    0x0001804d      0xa34 stdio_redirect/gcc/read.o
 .debug_info    0x00018a81      0xa34 stdio_redirect/gcc/write.o
 .debug_info    0x000194b5      0xbe2 stdio_redirect/stdio_io.o
 .debug_info    0x0001a097      0xb73 stdio_start.o

.debug_abbrev   0x00000000     0x2e1a
 .debug_abbrev  0x00000000      0x1ad atmel_start.o
 .debug_abbrev  0x000001ad      0x1d7 Device_Startup/startup_saml21.o
 .debug_abbrev  0x00000384      0x34b driver_init.o
 .debug_abbrev  0x000006cf       0xe1 hal/src/hal_delay.o
 .debug_abbrev  0x000007b0      0x115 hal/src/hal_io.o
 .debug_abbrev  0x000008c5      0x217 hal/src/hal_usart_sync.o
 .debug_abbrev  0x00000adc       0x86 hal/utils/src/utils_assert.o
 .debug_abbrev  0x00000b62      0x269 hal/utils/src/utils_syscalls.o
 .debug_abbrev  0x00000dcb      0x1c6 hpl/ccl/hpl_ccl.o
 .debug_abbrev  0x00000f91      0x2c6 hpl/core/hpl_core_m0plus_base.o
 .debug_abbrev  0x00001257      0x1d9 hpl/core/hpl_init.o
 .debug_abbrev  0x00001430      0x19a hpl/gclk/hpl_gclk.o
 .debug_abbrev  0x000015ca      0x1b7 hpl/mclk/hpl_mclk.o
 .debug_abbrev  0x00001781      0x1a2 hpl/osc32kctrl/hpl_osc32kctrl.o
 .debug_abbrev  0x00001923      0x210 hpl/oscctrl/hpl_oscctrl.o
 .debug_abbrev  0x00001b33      0x245 hpl/pm/hpl_pm.o
 .debug_abbrev  0x00001d78      0x593 hpl/sercom/hpl_sercom.o
 .debug_abbrev  0x0000230b      0x33b main.o
 .debug_abbrev  0x00002646      0x1e8 stdio_redirect/gcc/read.o
 .debug_abbrev  0x0000282e      0x1e8 stdio_redirect/gcc/write.o
 .debug_abbrev  0x00002a16      0x229 stdio_redirect/stdio_io.o
 .debug_abbrev  0x00002c3f      0x1db stdio_start.o

.debug_loc      0x00000000     0xa11e
 .debug_loc     0x00000000       0x20 atmel_start.o
 .debug_loc     0x00000020       0x78 Device_Startup/startup_saml21.o
 .debug_loc     0x00000098      0x77c driver_init.o
 .debug_loc     0x00000814       0xc3 hal/src/hal_delay.o
 .debug_loc     0x000008d7      0x1b6 hal/src/hal_io.o
 .debug_loc     0x00000a8d      0xa26 hal/src/hal_usart_sync.o
 .debug_loc     0x000014b3      0x13b hal/utils/src/utils_syscalls.o
 .debug_loc     0x000015ee      0x1b4 hpl/ccl/hpl_ccl.o
 .debug_loc     0x000017a2      0x2a1 hpl/core/hpl_core_m0plus_base.o
 .debug_loc     0x00001a43       0x4c hpl/core/hpl_init.o
 .debug_loc     0x00001a8f       0x72 hpl/gclk/hpl_gclk.o
 .debug_loc     0x00001b01       0x84 hpl/mclk/hpl_mclk.o
 .debug_loc     0x00001b85       0xa5 hpl/osc32kctrl/hpl_osc32kctrl.o
 .debug_loc     0x00001c2a       0x18 hpl/oscctrl/hpl_oscctrl.o
 .debug_loc     0x00001c42      0x19b hpl/pm/hpl_pm.o
 .debug_loc     0x00001ddd     0x7dae hpl/sercom/hpl_sercom.o
 .debug_loc     0x00009b8b      0x210 main.o
 .debug_loc     0x00009d9b       0xfe stdio_redirect/gcc/read.o
 .debug_loc     0x00009e99       0xf2 stdio_redirect/gcc/write.o
 .debug_loc     0x00009f8b      0x153 stdio_redirect/stdio_io.o
 .debug_loc     0x0000a0de       0x40 stdio_start.o

.debug_aranges  0x00000000      0x988
 .debug_aranges
                0x00000000       0x20 atmel_start.o
 .debug_aranges
                0x00000020       0x28 Device_Startup/startup_saml21.o
 .debug_aranges
                0x00000048       0x50 driver_init.o
 .debug_aranges
                0x00000098       0x38 hal/src/hal_delay.o
 .debug_aranges
                0x000000d0       0x30 hal/src/hal_io.o
 .debug_aranges
                0x00000100       0xa8 hal/src/hal_usart_sync.o
 .debug_aranges
                0x000001a8       0x20 hal/utils/src/utils_assert.o
 .debug_aranges
                0x000001c8       0x60 hal/utils/src/utils_syscalls.o
 .debug_aranges
                0x00000228       0x38 hpl/ccl/hpl_ccl.o
 .debug_aranges
                0x00000260       0x80 hpl/core/hpl_core_m0plus_base.o
 .debug_aranges
                0x000002e0       0x20 hpl/core/hpl_init.o
 .debug_aranges
                0x00000300       0x28 hpl/gclk/hpl_gclk.o
 .debug_aranges
                0x00000328       0x20 hpl/mclk/hpl_mclk.o
 .debug_aranges
                0x00000348       0x20 hpl/osc32kctrl/hpl_osc32kctrl.o
 .debug_aranges
                0x00000368       0x28 hpl/oscctrl/hpl_oscctrl.o
 .debug_aranges
                0x00000390       0x30 hpl/pm/hpl_pm.o
 .debug_aranges
                0x000003c0      0x508 hpl/sercom/hpl_sercom.o
 .debug_aranges
                0x000008c8       0x20 main.o
 .debug_aranges
                0x000008e8       0x20 stdio_redirect/gcc/read.o
 .debug_aranges
                0x00000908       0x20 stdio_redirect/gcc/write.o
 .debug_aranges
                0x00000928       0x38 stdio_redirect/stdio_io.o
 .debug_aranges
                0x00000960       0x28 stdio_start.o

.debug_ranges   0x00000000      0xa28
 .debug_ranges  0x00000000       0x10 atmel_start.o
 .debug_ranges  0x00000010       0x18 Device_Startup/startup_saml21.o
 .debug_ranges  0x00000028       0x40 driver_init.o
 .debug_ranges  0x00000068       0x28 hal/src/hal_delay.o
 .debug_ranges  0x00000090       0x20 hal/src/hal_io.o
 .debug_ranges  0x000000b0       0x98 hal/src/hal_usart_sync.o
 .debug_ranges  0x00000148       0x10 hal/utils/src/utils_assert.o
 .debug_ranges  0x00000158       0x50 hal/utils/src/utils_syscalls.o
 .debug_ranges  0x000001a8       0x28 hpl/ccl/hpl_ccl.o
 .debug_ranges  0x000001d0       0x70 hpl/core/hpl_core_m0plus_base.o
 .debug_ranges  0x00000240       0x10 hpl/core/hpl_init.o
 .debug_ranges  0x00000250       0x18 hpl/gclk/hpl_gclk.o
 .debug_ranges  0x00000268       0x10 hpl/mclk/hpl_mclk.o
 .debug_ranges  0x00000278       0x10 hpl/osc32kctrl/hpl_osc32kctrl.o
 .debug_ranges  0x00000288       0x18 hpl/oscctrl/hpl_oscctrl.o
 .debug_ranges  0x000002a0       0x20 hpl/pm/hpl_pm.o
 .debug_ranges  0x000002c0      0x6c8 hpl/sercom/hpl_sercom.o
 .debug_ranges  0x00000988       0x40 main.o
 .debug_ranges  0x000009c8       0x10 stdio_redirect/gcc/read.o
 .debug_ranges  0x000009d8       0x10 stdio_redirect/gcc/write.o
 .debug_ranges  0x000009e8       0x28 stdio_redirect/stdio_io.o
 .debug_ranges  0x00000a10       0x18 stdio_start.o

.debug_macro    0x00000000    0x1e57e
 .debug_macro   0x00000000      0x736 atmel_start.o
 .debug_macro   0x00000736      0x89e atmel_start.o
 .debug_macro   0x00000fd4      0x16d atmel_start.o
 .debug_macro   0x00001141       0x22 atmel_start.o
 .debug_macro   0x00001163       0x87 atmel_start.o
 .debug_macro   0x000011ea       0x51 atmel_start.o
 .debug_macro   0x0000123b       0xef atmel_start.o
 .debug_macro   0x0000132a       0x6a atmel_start.o
 .debug_macro   0x00001394      0x1df atmel_start.o
 .debug_macro   0x00001573       0x22 atmel_start.o
 .debug_macro   0x00001595       0x3f atmel_start.o
 .debug_macro   0x000015d4       0x1c atmel_start.o
 .debug_macro   0x000015f0       0x22 atmel_start.o
 .debug_macro   0x00001612       0xb5 atmel_start.o
 .debug_macro   0x000016c7      0x3ad atmel_start.o
 .debug_macro   0x00001a74      0x714 atmel_start.o
 .debug_macro   0x00002188      0x8f0 atmel_start.o
 .debug_macro   0x00002a78      0x279 atmel_start.o
 .debug_macro   0x00002cf1      0x21e atmel_start.o
 .debug_macro   0x00002f0f      0x4c3 atmel_start.o
 .debug_macro   0x000033d2      0xe12 atmel_start.o
 .debug_macro   0x000041e4      0x5e7 atmel_start.o
 .debug_macro   0x000047cb      0x5be atmel_start.o
 .debug_macro   0x00004d89      0x824 atmel_start.o
 .debug_macro   0x000055ad      0x314 atmel_start.o
 .debug_macro   0x000058c1      0x5c6 atmel_start.o
 .debug_macro   0x00005e87      0x21c atmel_start.o
 .debug_macro   0x000060a3      0x729 atmel_start.o
 .debug_macro   0x000067cc      0x16f atmel_start.o
 .debug_macro   0x0000693b      0x70f atmel_start.o
 .debug_macro   0x0000704a      0x28c atmel_start.o
 .debug_macro   0x000072d6      0x6e1 atmel_start.o
 .debug_macro   0x000079b7      0x2c5 atmel_start.o
 .debug_macro   0x00007c7c      0x3c1 atmel_start.o
 .debug_macro   0x0000803d      0x1a0 atmel_start.o
 .debug_macro   0x000081dd     0x1260 atmel_start.o
 .debug_macro   0x0000943d      0xf4d atmel_start.o
 .debug_macro   0x0000a38a      0x866 atmel_start.o
 .debug_macro   0x0000abf0      0x8ae atmel_start.o
 .debug_macro   0x0000b49e     0x19be atmel_start.o
 .debug_macro   0x0000ce5c       0xe7 atmel_start.o
 .debug_macro   0x0000cf43     0x13e6 atmel_start.o
 .debug_macro   0x0000e329      0x36a atmel_start.o
 .debug_macro   0x0000e693       0x7c atmel_start.o
 .debug_macro   0x0000e70f       0xac atmel_start.o
 .debug_macro   0x0000e7bb       0xca atmel_start.o
 .debug_macro   0x0000e885       0x4c atmel_start.o
 .debug_macro   0x0000e8d1       0x94 atmel_start.o
 .debug_macro   0x0000e965       0xdc atmel_start.o
 .debug_macro   0x0000ea41       0xb2 atmel_start.o
 .debug_macro   0x0000eaf3       0x64 atmel_start.o
 .debug_macro   0x0000eb57      0x5a4 atmel_start.o
 .debug_macro   0x0000f0fb      0x19d atmel_start.o
 .debug_macro   0x0000f298       0x70 atmel_start.o
 .debug_macro   0x0000f308       0xa0 atmel_start.o
 .debug_macro   0x0000f3a8       0xc4 atmel_start.o
 .debug_macro   0x0000f46c       0x28 atmel_start.o
 .debug_macro   0x0000f494       0xa0 atmel_start.o
 .debug_macro   0x0000f534       0x40 atmel_start.o
 .debug_macro   0x0000f574       0x7c atmel_start.o
 .debug_macro   0x0000f5f0       0x40 atmel_start.o
 .debug_macro   0x0000f630      0x16c atmel_start.o
 .debug_macro   0x0000f79c       0x10 atmel_start.o
 .debug_macro   0x0000f7ac       0x34 atmel_start.o
 .debug_macro   0x0000f7e0       0xee atmel_start.o
 .debug_macro   0x0000f8ce      0x12b atmel_start.o
 .debug_macro   0x0000f9f9      0x12b atmel_start.o
 .debug_macro   0x0000fb24      0x12b atmel_start.o
 .debug_macro   0x0000fc4f      0x12b atmel_start.o
 .debug_macro   0x0000fd7a      0x12b atmel_start.o
 .debug_macro   0x0000fea5      0x12b atmel_start.o
 .debug_macro   0x0000ffd0       0x5e atmel_start.o
 .debug_macro   0x0001002e       0xfa atmel_start.o
 .debug_macro   0x00010128       0xfa atmel_start.o
 .debug_macro   0x00010222       0xfa atmel_start.o
 .debug_macro   0x0001031c       0xfa atmel_start.o
 .debug_macro   0x00010416       0xfa atmel_start.o
 .debug_macro   0x00010510      0x124 atmel_start.o
 .debug_macro   0x00010634       0xfa atmel_start.o
 .debug_macro   0x0001072e       0xee atmel_start.o
 .debug_macro   0x0001081c       0x2e atmel_start.o
 .debug_macro   0x0001084a      0x40f atmel_start.o
 .debug_macro   0x00010c59       0x3a atmel_start.o
 .debug_macro   0x00010c93      0x42c atmel_start.o
 .debug_macro   0x000110bf     0x23fb atmel_start.o
 .debug_macro   0x000134ba       0x90 atmel_start.o
 .debug_macro   0x0001354a       0x10 atmel_start.o
 .debug_macro   0x0001355a       0x10 atmel_start.o
 .debug_macro   0x0001356a       0x16 atmel_start.o
 .debug_macro   0x00013580       0x16 atmel_start.o
 .debug_macro   0x00013596       0x16 atmel_start.o
 .debug_macro   0x000135ac       0x16 atmel_start.o
 .debug_macro   0x000135c2       0x16 atmel_start.o
 .debug_macro   0x000135d8       0x16 atmel_start.o
 .debug_macro   0x000135ee       0x16 atmel_start.o
 .debug_macro   0x00013604       0x16 atmel_start.o
 .debug_macro   0x0001361a       0x16 atmel_start.o
 .debug_macro   0x00013630       0x16 atmel_start.o
 .debug_macro   0x00013646       0x16 atmel_start.o
 .debug_macro   0x0001365c       0x16 atmel_start.o
 .debug_macro   0x00013672       0x16 atmel_start.o
 .debug_macro   0x00013688       0x16 atmel_start.o
 .debug_macro   0x0001369e       0x16 atmel_start.o
 .debug_macro   0x000136b4       0x16 atmel_start.o
 .debug_macro   0x000136ca       0x16 atmel_start.o
 .debug_macro   0x000136e0       0x16 atmel_start.o
 .debug_macro   0x000136f6       0x16 atmel_start.o
 .debug_macro   0x0001370c      0x2e0 atmel_start.o
 .debug_macro   0x000139ec       0x94 atmel_start.o
 .debug_macro   0x00013a80       0x16 atmel_start.o
 .debug_macro   0x00013a96       0xbe atmel_start.o
 .debug_macro   0x00013b54      0x28c atmel_start.o
 .debug_macro   0x00013de0       0x16 atmel_start.o
 .debug_macro   0x00013df6      0x4d8 atmel_start.o
 .debug_macro   0x000142ce       0x16 atmel_start.o
 .debug_macro   0x000142e4       0xca atmel_start.o
 .debug_macro   0x000143ae       0x1c atmel_start.o
 .debug_macro   0x000143ca       0x16 atmel_start.o
 .debug_macro   0x000143e0       0xcf atmel_start.o
 .debug_macro   0x000144af       0x5e atmel_start.o
 .debug_macro   0x0001450d       0x58 atmel_start.o
 .debug_macro   0x00014565       0x35 atmel_start.o
 .debug_macro   0x0001459a       0x9c atmel_start.o
 .debug_macro   0x00014636       0x16 atmel_start.o
 .debug_macro   0x0001464c       0x35 atmel_start.o
 .debug_macro   0x00014681      0x34d atmel_start.o
 .debug_macro   0x000149ce       0x10 atmel_start.o
 .debug_macro   0x000149de       0x58 atmel_start.o
 .debug_macro   0x00014a36       0x1f atmel_start.o
 .debug_macro   0x00014a55       0x43 atmel_start.o
 .debug_macro   0x00014a98       0x20 atmel_start.o
 .debug_macro   0x00014ab8      0x187 atmel_start.o
 .debug_macro   0x00014c3f       0x10 atmel_start.o
 .debug_macro   0x00014c4f       0x1c atmel_start.o
 .debug_macro   0x00014c6b       0x52 atmel_start.o
 .debug_macro   0x00014cbd       0x40 atmel_start.o
 .debug_macro   0x00014cfd       0x10 atmel_start.o
 .debug_macro   0x00014d0d       0x40 atmel_start.o
 .debug_macro   0x00014d4d       0xd7 atmel_start.o
 .debug_macro   0x00014e24       0x16 atmel_start.o
 .debug_macro   0x00014e3a      0x18b atmel_start.o
 .debug_macro   0x00014fc5      0x374 Device_Startup/startup_saml21.o
 .debug_macro   0x00015339       0x39 Device_Startup/startup_saml21.o
 .debug_macro   0x00015372      0x5c9 driver_init.o
 .debug_macro   0x0001593b       0x34 driver_init.o
 .debug_macro   0x0001596f       0xc9 driver_init.o
 .debug_macro   0x00015a38      0x50b hal/src/hal_delay.o
 .debug_macro   0x00015f43      0x4eb hal/src/hal_io.o
 .debug_macro   0x0001642e      0x514 hal/src/hal_usart_sync.o
 .debug_macro   0x00016942      0x4e1 hal/utils/src/utils_assert.o
 .debug_macro   0x00016e23       0x10 hal/utils/src/utils_assert.o
 .debug_macro   0x00016e33      0x1d6 hal/utils/src/utils_syscalls.o
 .debug_macro   0x00017009       0x52 hal/utils/src/utils_syscalls.o
 .debug_macro   0x0001705b       0x8d hal/utils/src/utils_syscalls.o
 .debug_macro   0x000170e8       0x57 hal/utils/src/utils_syscalls.o
 .debug_macro   0x0001713f       0x97 hal/utils/src/utils_syscalls.o
 .debug_macro   0x000171d6      0x353 hal/utils/src/utils_syscalls.o
 .debug_macro   0x00017529       0xf6 hal/utils/src/utils_syscalls.o
 .debug_macro   0x0001761f       0x4c hal/utils/src/utils_syscalls.o
 .debug_macro   0x0001766b       0x16 hal/utils/src/utils_syscalls.o
 .debug_macro   0x00017681       0x10 hal/utils/src/utils_syscalls.o
 .debug_macro   0x00017691       0x10 hal/utils/src/utils_syscalls.o
 .debug_macro   0x000176a1       0x35 hal/utils/src/utils_syscalls.o
 .debug_macro   0x000176d6      0x122 hal/utils/src/utils_syscalls.o
 .debug_macro   0x000177f8      0x516 hpl/ccl/hpl_ccl.o
 .debug_macro   0x00017d0e      0x16a hpl/ccl/hpl_ccl.o
 .debug_macro   0x00017e78      0x6cc hpl/ccl/hpl_ccl.o
 .debug_macro   0x00018544      0x6ba hpl/ccl/hpl_ccl.o
 .debug_macro   0x00018bfe      0x534 hpl/core/hpl_core_m0plus_base.o
 .debug_macro   0x00019132      0x558 hpl/core/hpl_init.o
 .debug_macro   0x0001968a       0x28 hpl/core/hpl_init.o
 .debug_macro   0x000196b2      0x772 hpl/core/hpl_init.o
 .debug_macro   0x00019e24      0x4ee hpl/gclk/hpl_gclk.o
 .debug_macro   0x0001a312      0x1f4 hpl/gclk/hpl_gclk.o
 .debug_macro   0x0001a506      0x4ea hpl/mclk/hpl_mclk.o
 .debug_macro   0x0001a9f0      0x4e5 hpl/osc32kctrl/hpl_osc32kctrl.o
 .debug_macro   0x0001aed5       0xa4 hpl/osc32kctrl/hpl_osc32kctrl.o
 .debug_macro   0x0001af79      0x4e5 hpl/oscctrl/hpl_oscctrl.o
 .debug_macro   0x0001b45e      0x18c hpl/oscctrl/hpl_oscctrl.o
 .debug_macro   0x0001b5ea      0x4f0 hpl/pm/hpl_pm.o
 .debug_macro   0x0001bada      0x737 hpl/sercom/hpl_sercom.o
 .debug_macro   0x0001c211       0x70 hpl/sercom/hpl_sercom.o
 .debug_macro   0x0001c281       0xba hpl/sercom/hpl_sercom.o
 .debug_macro   0x0001c33b       0x10 hpl/sercom/hpl_sercom.o
 .debug_macro   0x0001c34b       0x1c hpl/sercom/hpl_sercom.o
 .debug_macro   0x0001c367       0x22 hpl/sercom/hpl_sercom.o
 .debug_macro   0x0001c389       0x10 hpl/sercom/hpl_sercom.o
 .debug_macro   0x0001c399      0x73a main.o
 .debug_macro   0x0001cad3      0x644 stdio_redirect/gcc/read.o
 .debug_macro   0x0001d117      0x644 stdio_redirect/gcc/write.o
 .debug_macro   0x0001d75b      0x63d stdio_redirect/stdio_io.o
 .debug_macro   0x0001dd98       0xaf stdio_redirect/stdio_io.o
 .debug_macro   0x0001de47      0x737 stdio_start.o

.debug_line     0x00000000    0x10c30
 .debug_line    0x00000000      0xcc9 atmel_start.o
 .debug_line    0x00000cc9      0x76d Device_Startup/startup_saml21.o
 .debug_line    0x00001436      0xc98 driver_init.o
 .debug_line    0x000020ce      0xa87 hal/src/hal_delay.o
 .debug_line    0x00002b55      0xa74 hal/src/hal_io.o
 .debug_line    0x000035c9      0xc3f hal/src/hal_usart_sync.o
 .debug_line    0x00004208      0xa26 hal/utils/src/utils_assert.o
 .debug_line    0x00004c2e      0x40b hal/utils/src/utils_syscalls.o
 .debug_line    0x00005039      0xb15 hpl/ccl/hpl_ccl.o
 .debug_line    0x00005b4e      0xbfa hpl/core/hpl_core_m0plus_base.o
 .debug_line    0x00006748      0xb06 hpl/core/hpl_init.o
 .debug_line    0x0000724e      0xa78 hpl/gclk/hpl_gclk.o
 .debug_line    0x00007cc6      0xa56 hpl/mclk/hpl_mclk.o
 .debug_line    0x0000871c      0xa64 hpl/osc32kctrl/hpl_osc32kctrl.o
 .debug_line    0x00009180      0xa7d hpl/oscctrl/hpl_oscctrl.o
 .debug_line    0x00009bfd      0xa96 hpl/pm/hpl_pm.o
 .debug_line    0x0000a693     0x29b0 hpl/sercom/hpl_sercom.o
 .debug_line    0x0000d043      0xcfd main.o
 .debug_line    0x0000dd40      0xb4f stdio_redirect/gcc/read.o
 .debug_line    0x0000e88f      0xb50 stdio_redirect/gcc/write.o
 .debug_line    0x0000f3df      0xb73 stdio_redirect/stdio_io.o
 .debug_line    0x0000ff52      0xcde stdio_start.o

.debug_str      0x00000000    0x97b2f
 .debug_str     0x00000000    0x8762d atmel_start.o
                              0x87bb0 (size before relaxing)
 .debug_str     0x0008762d      0x524 Device_Startup/startup_saml21.o
                              0x7b791 (size before relaxing)
 .debug_str     0x00087b51     0x1480 driver_init.o
                              0x852da (size before relaxing)
 .debug_str     0x00088fd1       0xb6 hal/src/hal_delay.o
                              0x8318d (size before relaxing)
 .debug_str     0x00089087       0x3a hal/src/hal_io.o
                              0x831d0 (size before relaxing)
 .debug_str     0x000890c1      0x4aa hal/src/hal_usart_sync.o
                              0x83c70 (size before relaxing)
 .debug_str     0x0008956b       0x2a hal/utils/src/utils_assert.o
                              0x83133 (size before relaxing)
 .debug_str     0x00089595      0x77f hal/utils/src/utils_syscalls.o
                               0x72e6 (size before relaxing)
 .debug_str     0x00089d14     0x5eb9 hpl/ccl/hpl_ccl.o
                              0x88fb2 (size before relaxing)
 .debug_str     0x0008fbcd      0x32c hpl/core/hpl_core_m0plus_base.o
                              0x83b7c (size before relaxing)
 .debug_str     0x0008fef9     0x19b7 hpl/core/hpl_init.o
                              0x85674 (size before relaxing)
 .debug_str     0x000918b0      0x81b hpl/gclk/hpl_gclk.o
                              0x83a68 (size before relaxing)
 .debug_str     0x000920cb       0xa5 hpl/mclk/hpl_mclk.o
                              0x8363b (size before relaxing)
 .debug_str     0x00092170      0x488 hpl/osc32kctrl/hpl_osc32kctrl.o
                              0x8358a (size before relaxing)
 .debug_str     0x000925f8      0x8e8 hpl/oscctrl/hpl_oscctrl.o
                              0x83a6d (size before relaxing)
 .debug_str     0x00092ee0      0x367 hpl/pm/hpl_pm.o
                              0x834eb (size before relaxing)
 .debug_str     0x00093247     0x47fe hpl/sercom/hpl_sercom.o
                              0x88d59 (size before relaxing)
 .debug_str     0x00097a45        0xc main.o
                              0x87e7e (size before relaxing)
 .debug_str     0x00097a51       0x2b stdio_redirect/gcc/read.o
                              0x86ee0 (size before relaxing)
 .debug_str     0x00097a7c       0x2d stdio_redirect/gcc/write.o
                              0x86ee2 (size before relaxing)
 .debug_str     0x00097aa9       0x4b stdio_redirect/stdio_io.o
                              0x86f7b (size before relaxing)
 .debug_str     0x00097af4       0x3b stdio_start.o
                              0x87be0 (size before relaxing)

.debug_frame    0x00000000     0x1c68
 .debug_frame   0x00000000       0x28 atmel_start.o
 .debug_frame   0x00000028       0x38 Device_Startup/startup_saml21.o
 .debug_frame   0x00000060       0xb4 driver_init.o
 .debug_frame   0x00000114       0x68 hal/src/hal_delay.o
 .debug_frame   0x0000017c       0x58 hal/src/hal_io.o
 .debug_frame   0x000001d4      0x1f8 hal/src/hal_usart_sync.o
 .debug_frame   0x000003cc       0x20 hal/utils/src/utils_assert.o
 .debug_frame   0x000003ec       0xa8 hal/utils/src/utils_syscalls.o
 .debug_frame   0x00000494       0x50 hpl/ccl/hpl_ccl.o
 .debug_frame   0x000004e4       0xfc hpl/core/hpl_core_m0plus_base.o
 .debug_frame   0x000005e0       0x28 hpl/core/hpl_init.o
 .debug_frame   0x00000608       0x30 hpl/gclk/hpl_gclk.o
 .debug_frame   0x00000638       0x20 hpl/mclk/hpl_mclk.o
 .debug_frame   0x00000658       0x20 hpl/osc32kctrl/hpl_osc32kctrl.o
 .debug_frame   0x00000678       0x30 hpl/oscctrl/hpl_oscctrl.o
 .debug_frame   0x000006a8       0x40 hpl/pm/hpl_pm.o
 .debug_frame   0x000006e8      0xe9c hpl/sercom/hpl_sercom.o
 .debug_frame   0x00001584       0x28 main.o
 .debug_frame   0x000015ac       0x28 stdio_redirect/gcc/read.o
 .debug_frame   0x000015d4       0x28 stdio_redirect/gcc/write.o
 .debug_frame   0x000015fc       0x6c stdio_redirect/stdio_io.o
 .debug_frame   0x00001668       0x40 stdio_start.o
 .debug_frame   0x000016a8       0x20 c:/program files (x86)/atmel/studio/7.0/toolchain/arm/arm-gnu-toolchain/bin/../lib/gcc/arm-none-eabi/6.3.1/thumb/v6-m\libgcc.a(_udivsi3.o)
 .debug_frame   0x000016c8       0x2c c:/program files (x86)/atmel/studio/7.0/toolchain/arm/arm-gnu-toolchain/bin/../lib/gcc/arm-none-eabi/6.3.1/../../../../arm-none-eabi/lib/thumb/v6-m\libc_nano.a(lib_a-init.o)
 .debug_frame   0x000016f4       0x20 c:/program files (x86)/atmel/studio/7.0/toolchain/arm/arm-gnu-toolchain/bin/../lib/gcc/arm-none-eabi/6.3.1/../../../../arm-none-eabi/lib/thumb/v6-m\libc_nano.a(lib_a-memset.o)
 .debug_frame   0x00001714       0x28 c:/program files (x86)/atmel/studio/7.0/toolchain/arm/arm-gnu-toolchain/bin/../lib/gcc/arm-none-eabi/6.3.1/../../../../arm-none-eabi/lib/thumb/v6-m\libc_nano.a(lib_a-setbuf.o)
 .debug_frame   0x0000173c       0x30 c:/program files (x86)/atmel/studio/7.0/toolchain/arm/arm-gnu-toolchain/bin/../lib/gcc/arm-none-eabi/6.3.1/../../../../arm-none-eabi/lib/thumb/v6-m\libc_nano.a(lib_a-setvbuf.o)
 .debug_frame   0x0000176c       0x68 c:/program files (x86)/atmel/studio/7.0/toolchain/arm/arm-gnu-toolchain/bin/../lib/gcc/arm-none-eabi/6.3.1/../../../../arm-none-eabi/lib/thumb/v6-m\libc_nano.a(lib_a-fflush.o)
 .debug_frame   0x000017d4      0x140 c:/program files (x86)/atmel/studio/7.0/toolchain/arm/arm-gnu-toolchain/bin/../lib/gcc/arm-none-eabi/6.3.1/../../../../arm-none-eabi/lib/thumb/v6-m\libc_nano.a(lib_a-findfp.o)
 .debug_frame   0x00001914       0x58 c:/program files (x86)/atmel/studio/7.0/toolchain/arm/arm-gnu-toolchain/bin/../lib/gcc/arm-none-eabi/6.3.1/../../../../arm-none-eabi/lib/thumb/v6-m\libc_nano.a(lib_a-fwalk.o)
 .debug_frame   0x0000196c       0x54 c:/program files (x86)/atmel/studio/7.0/toolchain/arm/arm-gnu-toolchain/bin/../lib/gcc/arm-none-eabi/6.3.1/../../../../arm-none-eabi/lib/thumb/v6-m\libc_nano.a(lib_a-makebuf.o)
 .debug_frame   0x000019c0       0x40 c:/program files (x86)/atmel/studio/7.0/toolchain/arm/arm-gnu-toolchain/bin/../lib/gcc/arm-none-eabi/6.3.1/../../../../arm-none-eabi/lib/thumb/v6-m\libc_nano.a(lib_a-malloc.o)
 .debug_frame   0x00001a00       0x2c c:/program files (x86)/atmel/studio/7.0/toolchain/arm/arm-gnu-toolchain/bin/../lib/gcc/arm-none-eabi/6.3.1/../../../../arm-none-eabi/lib/thumb/v6-m\libc_nano.a(lib_a-nano-freer.o)
 .debug_frame   0x00001a2c       0x2c c:/program files (x86)/atmel/studio/7.0/toolchain/arm/arm-gnu-toolchain/bin/../lib/gcc/arm-none-eabi/6.3.1/../../../../arm-none-eabi/lib/thumb/v6-m\libc_nano.a(lib_a-nano-mallocr.o)
 .debug_frame   0x00001a58       0x2c c:/program files (x86)/atmel/studio/7.0/toolchain/arm/arm-gnu-toolchain/bin/../lib/gcc/arm-none-eabi/6.3.1/../../../../arm-none-eabi/lib/thumb/v6-m\libc_nano.a(lib_a-sbrkr.o)
 .debug_frame   0x00001a84       0x90 c:/program files (x86)/atmel/studio/7.0/toolchain/arm/arm-gnu-toolchain/bin/../lib/gcc/arm-none-eabi/6.3.1/../../../../arm-none-eabi/lib/thumb/v6-m\libc_nano.a(lib_a-stdio.o)
 .debug_frame   0x00001b14       0x2c c:/program files (x86)/atmel/studio/7.0/toolchain/arm/arm-gnu-toolchain/bin/../lib/gcc/arm-none-eabi/6.3.1/../../../../arm-none-eabi/lib/thumb/v6-m\libc_nano.a(lib_a-writer.o)
 .debug_frame   0x00001b40       0x2c c:/program files (x86)/atmel/studio/7.0/toolchain/arm/arm-gnu-toolchain/bin/../lib/gcc/arm-none-eabi/6.3.1/../../../../arm-none-eabi/lib/thumb/v6-m\libc_nano.a(lib_a-closer.o)
 .debug_frame   0x00001b6c       0x2c c:/program files (x86)/atmel/studio/7.0/toolchain/arm/arm-gnu-toolchain/bin/../lib/gcc/arm-none-eabi/6.3.1/../../../../arm-none-eabi/lib/thumb/v6-m\libc_nano.a(lib_a-fstatr.o)
 .debug_frame   0x00001b98       0x2c c:/program files (x86)/atmel/studio/7.0/toolchain/arm/arm-gnu-toolchain/bin/../lib/gcc/arm-none-eabi/6.3.1/../../../../arm-none-eabi/lib/thumb/v6-m\libc_nano.a(lib_a-lseekr.o)
 .debug_frame   0x00001bc4       0x30 c:/program files (x86)/atmel/studio/7.0/toolchain/arm/arm-gnu-toolchain/bin/../lib/gcc/arm-none-eabi/6.3.1/../../../../arm-none-eabi/lib/thumb/v6-m\libc_nano.a(lib_a-mlock.o)
 .debug_frame   0x00001bf4       0x2c c:/program files (x86)/atmel/studio/7.0/toolchain/arm/arm-gnu-toolchain/bin/../lib/gcc/arm-none-eabi/6.3.1/../../../../arm-none-eabi/lib/thumb/v6-m\libc_nano.a(lib_a-readr.o)
 .debug_frame   0x00001c20       0x48 c:/program files (x86)/atmel/studio/7.0/toolchain/arm/arm-gnu-toolchain/bin/../lib/gcc/arm-none-eabi/6.3.1/../../../../arm-none-eabi/lib/thumb/v6-m\libc_nano.a(lib_a-reent.o)
